Archive member included because of file (symbol)

c:/winavr-20100110/bin/../lib/gcc/avr/4.3.3/avr5\libgcc.a(_exit.o)
                              c:/winavr-20100110/bin/../lib/gcc/avr/4.3.3/../../../../avr/lib/avr5/crtm32.o (exit)
c:/winavr-20100110/bin/../lib/gcc/avr/4.3.3/avr5\libgcc.a(_clear_bss.o)
                              ./app.o (__do_clear_bss)

Memory Configuration

Name             Origin             Length             Attributes
text             0x00000000         0x00020000         xr
data             0x00800060         0x0000ffa0         rw !x
eeprom           0x00810000         0x00010000         rw !x
fuse             0x00820000         0x00000400         rw !x
lock             0x00830000         0x00000400         rw !x
signature        0x00840000         0x00000400         rw !x
*default*        0x00000000         0xffffffff

Linker script and memory map

LOAD c:/winavr-20100110/bin/../lib/gcc/avr/4.3.3/../../../../avr/lib/avr5/crtm32.o
LOAD ./app.o
LOAD ./external_interrupts.o
LOAD ./gpio.o
LOAD ./led.o
LOAD ./main.o
LOAD ./timer1.o
LOAD c:/winavr-20100110/bin/../lib/gcc/avr/4.3.3/avr5\libgcc.a
LOAD c:/winavr-20100110/bin/../lib/gcc/avr/4.3.3/../../../../avr/lib/avr5\libc.a
LOAD c:/winavr-20100110/bin/../lib/gcc/avr/4.3.3/avr5\libgcc.a

.hash
 *(.hash)

.dynsym
 *(.dynsym)

.dynstr
 *(.dynstr)

.gnu.version
 *(.gnu.version)

.gnu.version_d
 *(.gnu.version_d)

.gnu.version_r
 *(.gnu.version_r)

.rel.init
 *(.rel.init)

.rela.init
 *(.rela.init)

.rel.text
 *(.rel.text)
 *(.rel.text.*)
 *(.rel.gnu.linkonce.t*)

.rela.text
 *(.rela.text)
 *(.rela.text.*)
 *(.rela.gnu.linkonce.t*)

.rel.fini
 *(.rel.fini)

.rela.fini
 *(.rela.fini)

.rel.rodata
 *(.rel.rodata)
 *(.rel.rodata.*)
 *(.rel.gnu.linkonce.r*)

.rela.rodata
 *(.rela.rodata)
 *(.rela.rodata.*)
 *(.rela.gnu.linkonce.r*)

.rel.data
 *(.rel.data)
 *(.rel.data.*)
 *(.rel.gnu.linkonce.d*)

.rela.data
 *(.rela.data)
 *(.rela.data.*)
 *(.rela.gnu.linkonce.d*)

.rel.ctors
 *(.rel.ctors)

.rela.ctors
 *(.rela.ctors)

.rel.dtors
 *(.rel.dtors)

.rela.dtors
 *(.rela.dtors)

.rel.got
 *(.rel.got)

.rela.got
 *(.rela.got)

.rel.bss
 *(.rel.bss)

.rela.bss
 *(.rela.bss)

.rel.plt
 *(.rel.plt)

.rela.plt
 *(.rela.plt)

.text           0x00000000     0x12b0
 *(.vectors)
 .vectors       0x00000000       0x54 c:/winavr-20100110/bin/../lib/gcc/avr/4.3.3/../../../../avr/lib/avr5/crtm32.o
                0x00000000                __vectors
                0x00000000                __vector_default
 *(.vectors)
 *(.progmem.gcc*)
 *(.progmem*)
                0x00000054                . = ALIGN (0x2)
                0x00000054                __trampolines_start = .
 *(.trampolines)
 .trampolines   0x00000054        0x0 linker stubs
 *(.trampolines*)
                0x00000054                __trampolines_end = .
 *(.jumptables)
 *(.jumptables*)
 *(.lowtext)
 *(.lowtext*)
                0x00000054                __ctors_start = .
 *(.ctors)
                0x00000054                __ctors_end = .
                0x00000054                __dtors_start = .
 *(.dtors)
                0x00000054                __dtors_end = .
 SORT(*)(.ctors)
 SORT(*)(.dtors)
 *(.init0)
 .init0         0x00000054        0x0 c:/winavr-20100110/bin/../lib/gcc/avr/4.3.3/../../../../avr/lib/avr5/crtm32.o
                0x00000054                __init
 *(.init0)
 *(.init1)
 *(.init1)
 *(.init2)
 .init2         0x00000054        0xc c:/winavr-20100110/bin/../lib/gcc/avr/4.3.3/../../../../avr/lib/avr5/crtm32.o
 *(.init2)
 *(.init3)
 *(.init3)
 *(.init4)
 .init4         0x00000060       0x10 c:/winavr-20100110/bin/../lib/gcc/avr/4.3.3/avr5\libgcc.a(_clear_bss.o)
                0x00000060                __do_clear_bss
 *(.init4)
 *(.init5)
 *(.init5)
 *(.init6)
 *(.init6)
 *(.init7)
 *(.init7)
 *(.init8)
 *(.init8)
 *(.init9)
 .init9         0x00000070        0x8 c:/winavr-20100110/bin/../lib/gcc/avr/4.3.3/../../../../avr/lib/avr5/crtm32.o
 *(.init9)
 *(.text)
 .text          0x00000078        0x4 c:/winavr-20100110/bin/../lib/gcc/avr/4.3.3/../../../../avr/lib/avr5/crtm32.o
                0x00000078                __vector_12
                0x00000078                __bad_interrupt
                0x00000078                __vector_6
                0x00000078                __vector_11
                0x00000078                __vector_13
                0x00000078                __vector_17
                0x00000078                __vector_19
                0x00000078                __vector_5
                0x00000078                __vector_4
                0x00000078                __vector_15
                0x00000078                __vector_8
                0x00000078                __vector_14
                0x00000078                __vector_10
                0x00000078                __vector_16
                0x00000078                __vector_18
                0x00000078                __vector_20
 .text          0x0000007c        0x0 ./app.o
 .text          0x0000007c        0x0 ./external_interrupts.o
 .text          0x0000007c        0x0 ./gpio.o
 .text          0x0000007c        0x0 ./led.o
 .text          0x0000007c        0x0 ./main.o
 .text          0x0000007c        0x0 ./timer1.o
 .text          0x0000007c        0x0 c:/winavr-20100110/bin/../lib/gcc/avr/4.3.3/avr5\libgcc.a(_exit.o)
 .text          0x0000007c        0x0 c:/winavr-20100110/bin/../lib/gcc/avr/4.3.3/avr5\libgcc.a(_clear_bss.o)
                0x0000007c                . = ALIGN (0x2)
 *(.text.*)
 .text.timer1_interrupt_routine
                0x0000007c       0x28 ./app.o
                0x0000007c                timer1_interrupt_routine
 .text.interrupt0_routine
                0x000000a4       0x1c ./app.o
                0x000000a4                interrupt0_routine
 .text.initialize_system
                0x000000c0       0xf0 ./app.o
                0x000000c0                initialize_system
 .text.normal_mode
                0x000001b0      0x27c ./app.o
                0x000001b0                normal_mode
 .text.pedestrian_mode
                0x0000042c      0x346 ./app.o
                0x0000042c                pedestrian_mode
 .text.APP_start
                0x00000772       0x22 ./app.o
                0x00000772                APP_start
 .text.init_interrupt
                0x00000794       0xf0 ./external_interrupts.o
                0x00000794                init_interrupt
 .text.int0_setCallBack
                0x00000884       0x24 ./external_interrupts.o
                0x00000884                int0_setCallBack
 .text.int1_setCallBack
                0x000008a8       0x24 ./external_interrupts.o
                0x000008a8                int1_setCallBack
 .text.int2_setCallBack
                0x000008cc       0x24 ./external_interrupts.o
                0x000008cc                int2_setCallBack
 .text.__vector_1
                0x000008f0       0x66 ./external_interrupts.o
                0x000008f0                __vector_1
 .text.__vector_2
                0x00000956       0x66 ./external_interrupts.o
                0x00000956                __vector_2
 .text.__vector_3
                0x000009bc       0x66 ./external_interrupts.o
                0x000009bc                __vector_3
 .text.GPIO_setupPinDirection
                0x00000a22      0x1de ./gpio.o
                0x00000a22                GPIO_setupPinDirection
 .text.GPIO_writePin
                0x00000c00      0x1de ./gpio.o
                0x00000c00                GPIO_writePin
 .text.GPIO_readPin
                0x00000dde      0x136 ./gpio.o
                0x00000dde                GPIO_readPin
 .text.GPIO_setupPortDirection
                0x00000f14       0x96 ./gpio.o
                0x00000f14                GPIO_setupPortDirection
 .text.GPIO_writePort
                0x00000faa       0x96 ./gpio.o
                0x00000faa                GPIO_writePort
 .text.GPIO_readPort
                0x00001040       0x8a ./gpio.o
                0x00001040                GPIO_readPort
 .text.led_on_off
                0x000010ca       0x28 ./led.o
                0x000010ca                led_on_off
 .text.main     0x000010f2       0x16 ./main.o
                0x000010f2                main
 .text.__vector_7
                0x00001108       0x66 ./timer1.o
                0x00001108                __vector_7
 .text.__vector_9
                0x0000116e       0x66 ./timer1.o
                0x0000116e                __vector_9
 .text.Timer1_init
                0x000011d4       0x8a ./timer1.o
                0x000011d4                Timer1_init
 .text.Timer1_deInit
                0x0000125e       0x2a ./timer1.o
                0x0000125e                Timer1_deInit
 .text.Timer1_setCallBack
                0x00001288       0x24 ./timer1.o
                0x00001288                Timer1_setCallBack
 .text.libgcc   0x000012ac        0x0 c:/winavr-20100110/bin/../lib/gcc/avr/4.3.3/avr5\libgcc.a(_exit.o)
 .text.libgcc   0x000012ac        0x0 c:/winavr-20100110/bin/../lib/gcc/avr/4.3.3/avr5\libgcc.a(_clear_bss.o)
                0x000012ac                . = ALIGN (0x2)
 *(.fini9)
 .fini9         0x000012ac        0x0 c:/winavr-20100110/bin/../lib/gcc/avr/4.3.3/avr5\libgcc.a(_exit.o)
                0x000012ac                exit
                0x000012ac                _exit
 *(.fini9)
 *(.fini8)
 *(.fini8)
 *(.fini7)
 *(.fini7)
 *(.fini6)
 *(.fini6)
 *(.fini5)
 *(.fini5)
 *(.fini4)
 *(.fini4)
 *(.fini3)
 *(.fini3)
 *(.fini2)
 *(.fini2)
 *(.fini1)
 *(.fini1)
 *(.fini0)
 .fini0         0x000012ac        0x4 c:/winavr-20100110/bin/../lib/gcc/avr/4.3.3/avr5\libgcc.a(_exit.o)
 *(.fini0)
                0x000012b0                _etext = .

.data           0x00800060        0x0 load address 0x000012b0
                0x00800060                PROVIDE (__data_start, .)
 *(.data)
 .data          0x00800060        0x0 c:/winavr-20100110/bin/../lib/gcc/avr/4.3.3/../../../../avr/lib/avr5/crtm32.o
 .data          0x00800060        0x0 ./app.o
 .data          0x00800060        0x0 ./external_interrupts.o
 .data          0x00800060        0x0 ./gpio.o
 .data          0x00800060        0x0 ./led.o
 .data          0x00800060        0x0 ./main.o
 .data          0x00800060        0x0 ./timer1.o
 .data          0x00800060        0x0 c:/winavr-20100110/bin/../lib/gcc/avr/4.3.3/avr5\libgcc.a(_exit.o)
 .data          0x00800060        0x0 c:/winavr-20100110/bin/../lib/gcc/avr/4.3.3/avr5\libgcc.a(_clear_bss.o)
 *(.data*)
 *(.rodata)
 *(.rodata*)
 *(.gnu.linkonce.d*)
                0x00800060                . = ALIGN (0x2)
                0x00800060                _edata = .
                0x00800060                PROVIDE (__data_end, .)

.bss            0x00800060        0xa
                0x00800060                PROVIDE (__bss_start, .)
 *(.bss)
 .bss           0x00800060        0x0 c:/winavr-20100110/bin/../lib/gcc/avr/4.3.3/../../../../avr/lib/avr5/crtm32.o
 .bss           0x00800060        0x0 ./app.o
 .bss           0x00800060        0x0 ./external_interrupts.o
 .bss           0x00800060        0x0 ./gpio.o
 .bss           0x00800060        0x0 ./led.o
 .bss           0x00800060        0x0 ./main.o
 .bss           0x00800060        0x0 ./timer1.o
 .bss           0x00800060        0x0 c:/winavr-20100110/bin/../lib/gcc/avr/4.3.3/avr5\libgcc.a(_exit.o)
 .bss           0x00800060        0x0 c:/winavr-20100110/bin/../lib/gcc/avr/4.3.3/avr5\libgcc.a(_clear_bss.o)
 *(.bss*)
 .bss.g_ticks   0x00800060        0x1 ./app.o
                0x00800060                g_ticks
 .bss.int0_flag
                0x00800061        0x1 ./app.o
                0x00800061                int0_flag
 .bss.g_callBackPtr_int0
                0x00800062        0x2 ./external_interrupts.o
 .bss.g_callBackPtr_int1
                0x00800064        0x2 ./external_interrupts.o
 .bss.g_callBackPtr_int2
                0x00800066        0x2 ./external_interrupts.o
 .bss.g_callBackPtr
                0x00800068        0x2 ./timer1.o
 *(COMMON)
                0x0080006a                PROVIDE (__bss_end, .)
                0x000012b0                __data_load_start = LOADADDR (.data)
                0x000012b0                __data_load_end = (__data_load_start + SIZEOF (.data))

.noinit         0x0080006a        0x0
                0x0080006a                PROVIDE (__noinit_start, .)
 *(.noinit*)
                0x0080006a                PROVIDE (__noinit_end, .)
                0x0080006a                _end = .
                0x0080006a                PROVIDE (__heap_start, .)

.eeprom         0x00810000        0x0
 *(.eeprom*)
                0x00810000                __eeprom_end = .

.fuse
 *(.fuse)
 *(.lfuse)
 *(.hfuse)
 *(.efuse)

.lock
 *(.lock*)

.signature
 *(.signature*)

.stab           0x00000000     0x1e3c
 *(.stab)
 .stab          0x00000000      0xdb0 ./app.o
 .stab          0x00000db0      0x3c0 ./external_interrupts.o
                                0x66c (size before relaxing)
 .stab          0x00001170      0x708 ./gpio.o
                                0x9a8 (size before relaxing)
 .stab          0x00001878      0x15c ./led.o
                                0x24c (size before relaxing)
 .stab          0x000019d4      0x1b0 ./main.o
                                0x510 (size before relaxing)
 .stab          0x00001b84      0x2b8 ./timer1.o
                                0x54c (size before relaxing)

.stabstr        0x00000000      0xfa7
 *(.stabstr)
 .stabstr       0x00000000      0xfa7 ./app.o

.stab.excl
 *(.stab.excl)

.stab.exclstr
 *(.stab.exclstr)

.stab.index
 *(.stab.index)

.stab.indexstr
 *(.stab.indexstr)

.comment
 *(.comment)

.debug
 *(.debug)

.line
 *(.line)

.debug_srcinfo
 *(.debug_srcinfo)

.debug_sfnames
 *(.debug_sfnames)

.debug_aranges
 *(.debug_aranges)

.debug_pubnames
 *(.debug_pubnames)

.debug_info
 *(.debug_info)
 *(.gnu.linkonce.wi.*)

.debug_abbrev
 *(.debug_abbrev)

.debug_line
 *(.debug_line)

.debug_frame
 *(.debug_frame)

.debug_str
 *(.debug_str)

.debug_loc
 *(.debug_loc)

.debug_macinfo
 *(.debug_macinfo)
OUTPUT(embedded_egyfwd.elf elf32-avr)
LOAD linker stubs
